--- Password Update Debug ---
Time: 2026-02-18 15:29:51
User ID: 1
Stored Hash (raw): ''
Input Password: 'Admin@123'
password_verify: FALSE
Plain Text Check (===): NO MATCH
Plain Text Check (trim): NO MATCH
--- Password Update Debug ---
Time: 2026-02-18 15:32:04
User ID: 1
Stored Hash (raw): '$2y$12$9a0qP0ywGNEU0X36o1BE9eP0wkqwjISUst0n09g2jhKVoL1SnD9Qq'
Input Password: 'Admin@123'
password_verify: TRUE
Plain Text Check (===): NO MATCH
--- Password Update Debug ---
Time: 2026-02-18 15:34:41
User ID: 1
Stored Hash (raw): '$2y$12$9a0qP0ywGNEU0X36o1BE9eP0wkqwjISUst0n09g2jhKVoL1SnD9Qq'
Input Password: 'Admin@123'
password_verify: TRUE
Plain Text Check (===): NO MATCH
--- Password Update Debug ---
Time: 2026-02-18 15:35:27
User ID: 1
Stored Hash (raw): '$2y$12$0tjQUQOgALPYNTCQ286b0eqOJAu8bMfKB2neEVYzI6bD7W0trTogG'
Input Password: 'Naman@123'
password_verify: TRUE
Plain Text Check (===): NO MATCH
